Archive member included to satisfy reference by file (symbol)

D:/Program Files/STM32CubeIDE_1.19.0/STM32CubeIDE/plugins/com.st.stm32cube.ide.mcu.externaltools.gnu-tools-for-stm32.13.3.rel1.win32_1.0.0.202411081344/tools/bin/../lib/gcc/arm-none-eabi/13.3.1/../../../../arm-none-eabi/lib/thumb/v7-m/nofp\libc_nano.a(libc_a-exit.o)
                              D:/Program Files/STM32CubeIDE_1.19.0/STM32CubeIDE/plugins/com.st.stm32cube.ide.mcu.externaltools.gnu-tools-for-stm32.13.3.rel1.win32_1.0.0.202411081344/tools/bin/../lib/gcc/arm-none-eabi/13.3.1/../../../../arm-none-eabi/lib/thumb/v7-m/nofp/crt0.o (exit)
D:/Program Files/STM32CubeIDE_1.19.0/STM32CubeIDE/plugins/com.st.stm32cube.ide.mcu.externaltools.gnu-tools-for-stm32.13.3.rel1.win32_1.0.0.202411081344/tools/bin/../lib/gcc/arm-none-eabi/13.3.1/../../../../arm-none-eabi/lib/thumb/v7-m/nofp\libc_nano.a(libc_a-findfp.o)
                              D:/Program Files/STM32CubeIDE_1.19.0/STM32CubeIDE/plugins/com.st.stm32cube.ide.mcu.externaltools.gnu-tools-for-stm32.13.3.rel1.win32_1.0.0.202411081344/tools/bin/../lib/gcc/arm-none-eabi/13.3.1/../../../../arm-none-eabi/lib/thumb/v7-m/nofp\libc_nano.a(libc_a-exit.o) (__stdio_exit_handler)
D:/Program Files/STM32CubeIDE_1.19.0/STM32CubeIDE/plugins/com.st.stm32cube.ide.mcu.externaltools.gnu-tools-for-stm32.13.3.rel1.win32_1.0.0.202411081344/tools/bin/../lib/gcc/arm-none-eabi/13.3.1/../../../../arm-none-eabi/lib/thumb/v7-m/nofp\libc_nano.a(libc_a-fwalk.o)
                              D:/Program Files/STM32CubeIDE_1.19.0/STM32CubeIDE/plugins/com.st.stm32cube.ide.mcu.externaltools.gnu-tools-for-stm32.13.3.rel1.win32_1.0.0.202411081344/tools/bin/../lib/gcc/arm-none-eabi/13.3.1/../../../../arm-none-eabi/lib/thumb/v7-m/nofp\libc_nano.a(libc_a-findfp.o) (_fwalk_sglue)
D:/Program Files/STM32CubeIDE_1.19.0/STM32CubeIDE/plugins/com.st.stm32cube.ide.mcu.externaltools.gnu-tools-for-stm32.13.3.rel1.win32_1.0.0.202411081344/tools/bin/../lib/gcc/arm-none-eabi/13.3.1/../../../../arm-none-eabi/lib/thumb/v7-m/nofp\libc_nano.a(libc_a-stdio.o)
                              D:/Program Files/STM32CubeIDE_1.19.0/STM32CubeIDE/plugins/com.st.stm32cube.ide.mcu.externaltools.gnu-tools-for-stm32.13.3.rel1.win32_1.0.0.202411081344/tools/bin/../lib/gcc/arm-none-eabi/13.3.1/../../../../arm-none-eabi/lib/thumb/v7-m/nofp\libc_nano.a(libc_a-findfp.o) (__sread)
D:/Program Files/STM32CubeIDE_1.19.0/STM32CubeIDE/plugins/com.st.stm32cube.ide.mcu.externaltools.gnu-tools-for-stm32.13.3.rel1.win32_1.0.0.202411081344/tools/bin/../lib/gcc/arm-none-eabi/13.3.1/../../../../arm-none-eabi/lib/thumb/v7-m/nofp\libc_nano.a(libc_a-memset.o)
                              D:/Program Files/STM32CubeIDE_1.19.0/STM32CubeIDE/plugins/com.st.stm32cube.ide.mcu.externaltools.gnu-tools-for-stm32.13.3.rel1.win32_1.0.0.202411081344/tools/bin/../lib/gcc/arm-none-eabi/13.3.1/../../../../arm-none-eabi/lib/thumb/v7-m/nofp/crt0.o (memset)
D:/Program Files/STM32CubeIDE_1.19.0/STM32CubeIDE/plugins/com.st.stm32cube.ide.mcu.externaltools.gnu-tools-for-stm32.13.3.rel1.win32_1.0.0.202411081344/tools/bin/../lib/gcc/arm-none-eabi/13.3.1/../../../../arm-none-eabi/lib/thumb/v7-m/nofp\libc_nano.a(libc_a-closer.o)
                              D:/Program Files/STM32CubeIDE_1.19.0/STM32CubeIDE/plugins/com.st.stm32cube.ide.mcu.externaltools.gnu-tools-for-stm32.13.3.rel1.win32_1.0.0.202411081344/tools/bin/../lib/gcc/arm-none-eabi/13.3.1/../../../../arm-none-eabi/lib/thumb/v7-m/nofp\libc_nano.a(libc_a-stdio.o) (_close_r)
D:/Program Files/STM32CubeIDE_1.19.0/STM32CubeIDE/plugins/com.st.stm32cube.ide.mcu.externaltools.gnu-tools-for-stm32.13.3.rel1.win32_1.0.0.202411081344/tools/bin/../lib/gcc/arm-none-eabi/13.3.1/../../../../arm-none-eabi/lib/thumb/v7-m/nofp\libc_nano.a(libc_a-reent.o)
                              D:/Program Files/STM32CubeIDE_1.19.0/STM32CubeIDE/plugins/com.st.stm32cube.ide.mcu.externaltools.gnu-tools-for-stm32.13.3.rel1.win32_1.0.0.202411081344/tools/bin/../lib/gcc/arm-none-eabi/13.3.1/../../../../arm-none-eabi/lib/thumb/v7-m/nofp\libc_nano.a(libc_a-closer.o) (errno)
D:/Program Files/STM32CubeIDE_1.19.0/STM32CubeIDE/plugins/com.st.stm32cube.ide.mcu.externaltools.gnu-tools-for-stm32.13.3.rel1.win32_1.0.0.202411081344/tools/bin/../lib/gcc/arm-none-eabi/13.3.1/../../../../arm-none-eabi/lib/thumb/v7-m/nofp\libc_nano.a(libc_a-impure.o)
                              D:/Program Files/STM32CubeIDE_1.19.0/STM32CubeIDE/plugins/com.st.stm32cube.ide.mcu.externaltools.gnu-tools-for-stm32.13.3.rel1.win32_1.0.0.202411081344/tools/bin/../lib/gcc/arm-none-eabi/13.3.1/../../../../arm-none-eabi/lib/thumb/v7-m/nofp\libc_nano.a(libc_a-reent.o) (_impure_ptr)
D:/Program Files/STM32CubeIDE_1.19.0/STM32CubeIDE/plugins/com.st.stm32cube.ide.mcu.externaltools.gnu-tools-for-stm32.13.3.rel1.win32_1.0.0.202411081344/tools/bin/../lib/gcc/arm-none-eabi/13.3.1/../../../../arm-none-eabi/lib/thumb/v7-m/nofp\libc_nano.a(libc_a-lseekr.o)
[...]
Memory Configuration

Name             Origin             Length             Attributes
RAM              0x20000000         0x00005000         xrw
FLASH            0x08000000         0x00010000         xr
*default*        0x00000000         0xffffffff

Linker script and memory map

LOAD D:/Program Files/STM32CubeIDE_1.19.0/STM32CubeIDE/plugins/com.st.stm32cube.ide.mcu.externaltools.gnu-tools-for-stm32.13.3.rel1.win32_1.0.0.202411081344/tools/bin/../lib/gcc/arm-none-eabi/13.3.1/thumb/v7-m/nofp/crti.o
LOAD D:/Program Files/STM32CubeIDE_1.19.0/STM32CubeIDE/plugins/com.st.stm32cube.ide.mcu.externaltools.gnu-tools-for-stm32.13.3.rel1.win32_1.0.0.202411081344/tools/bin/../lib/gcc/arm-none-eabi/13.3.1/thumb/v7-m/nofp/crtbegin.o
LOAD D:/Program Files/STM32CubeIDE_1.19.0/STM32CubeIDE/plugins/com.st.stm32cube.ide.mcu.externaltools.gnu-tools-for-stm32.13.3.rel1.win32_1.0.0.202411081344/tools/bin/../lib/gcc/arm-none-eabi/13.3.1/../../../../arm-none-eabi/lib/thumb/v7-m/nofp/crt0.o
LOAD ./Core/Src/main.o
LOAD ./Core/Src/stm32f1xx_hal_msp.o
LOAD ./Core/Src/stm32f1xx_hal_timebase_tim.o
LOAD ./Core/Src/stm32f1xx_it.o
LOAD ./Core/Src/syscalls.o
LOAD ./Core/Src/sysmem.o
LOAD ./Core/Src/system_stm32f1xx.o
LOAD ./Core/Startup/startup_stm32f103c8tx.o
LOAD ./Drivers/STM32F1xx_HAL_Driver/Src/stm32f1xx_hal.o
LOAD ./Drivers/STM32F1xx_HAL_Driver/Src/stm32f1xx_hal_cortex.o
LOAD ./Drivers/STM32F1xx_HAL_Driver/Src/stm32f1xx_hal_dma.o
LOAD ./Drivers/STM32F1xx_HAL_Driver/Src/stm32f1xx_hal_exti.o
LOAD ./Drivers/STM32F1xx_HAL_Driver/Src/stm32f1xx_hal_flash.o
LOAD ./Drivers/STM32F1xx_HAL_Driver/Src/stm32f1xx_hal_flash_ex.o
LOAD ./Drivers/STM32F1xx_HAL_Driver/Src/stm32f1xx_hal_gpio.o
LOAD ./Drivers/STM32F1xx_HAL_Driver/Src/stm32f1xx_hal_gpio_ex.o
LOAD ./Drivers/STM32F1xx_HAL_Driver/Src/stm32f1xx_hal_pwr.o
LOAD ./Drivers/STM32F1xx_HAL_Driver/Src/stm32f1xx_hal_rcc.o
LOAD ./Drivers/STM32F1xx_HAL_Driver/Src/stm32f1xx_hal_rcc_ex.o
LOAD ./Drivers/STM32F1xx_HAL_Driver/Src/stm32f1xx_hal_tim.o
LOAD ./Drivers/STM32F1xx_HAL_Driver/Src/stm32f1xx_hal_tim_ex.o
LOAD ./FreeRTOS/Source/croutine.o
LOAD ./FreeRTOS/Source/event_groups.o
LOAD ./FreeRTOS/Source/list.o
LOAD ./FreeRTOS/Source/queue.o
LOAD ./FreeRTOS/Source/stream_buffer.o
LOAD ./FreeRTOS/Source/tasks.o
LOAD ./FreeRTOS/Source/timers.o
LOAD ./FreeRTOS/Source/portable/GCC/ARM_CM3/port.o
LOAD ./FreeRTOS/Source/portable/MemMang/heap_4.o
START GROUP
LOAD D:/Program Files/STM32CubeIDE_1.19.0/STM32CubeIDE/plugins/com.st.stm32cube.ide.mcu.externaltools.gnu-tools-for-stm32.13.3.rel1.win32_1.0.0.202411081344/tools/bin/../lib/gcc/arm-none-eabi/13.3.1/../../../../arm-none-eabi/lib/thumb/v7-m/nofp\libc_nano.a
LOAD D:/Program Files/STM32CubeIDE_1.19.0/STM32CubeIDE/plugins/com.st.stm32cube.ide.mcu.externaltools.gnu-tools-for-stm32.13.3.rel1.win32_1.0.0.202411081344/tools/bin/../lib/gcc/arm-none-eabi/13.3.1/../../../../arm-none-eabi/lib/thumb/v7-m/nofp\libm.a
END GROUP
START GROUP
LOAD D:/Program Files/STM32CubeIDE_1.19.0/STM32CubeIDE/plugins/com.st.stm32cube.ide.mcu.externaltools.gnu-tools-for-stm32.13.3.rel1.win32_1.0.0.202411081344/tools/bin/../lib/gcc/arm-none-eabi/13.3.1/thumb/v7-m/nofp\libgcc.a
LOAD D:/Program Files/STM32CubeIDE_1.19.0/STM32CubeIDE/plugins/com.st.stm32cube.ide.mcu.externaltools.gnu-tools-for-stm32.13.3.rel1.win32_1.0.0.202411081344/tools/bin/../lib/gcc/arm-none-eabi/13.3.1/../../../../arm-none-eabi/lib/thumb/v7-m/nofp\libc_nano.a
END GROUP
START GROUP
LOAD D:/Program Files/STM32CubeIDE_1.19.0/STM32CubeIDE/plugins/com.st.stm32cube.ide.mcu.externaltools.gnu-tools-for-stm32.13.3.rel1.win32_1.0.0.202411081344/tools/bin/../lib/gcc/arm-none-eabi/13.3.1/thumb/v7-m/nofp\libgcc.a
LOAD D:/Program Files/STM32CubeIDE_1.19.0/STM32CubeIDE/plugins/com.st.stm32cube.ide.mcu.externaltools.gnu-tools-for-stm32.13.3.rel1.win32_1.0.0.202411081344/tools/bin/../lib/gcc/arm-none-eabi/13.3.1/../../../../arm-none-eabi/lib/thumb/v7-m/nofp\libc_nano.a
LOAD D:/Program Files/STM32CubeIDE_1.19.0/STM32CubeIDE/plugins/com.st.stm32cube.ide.mcu.externaltools.gnu-tools-for-stm32.13.3.rel1.win32_1.0.0.202411081344/tools/bin/../lib/gcc/arm-none-eabi/13.3.1/../../../../arm-none-eabi/lib/thumb/v7-m/nofp\libnosys.a
END GROUP
START GROUP
LOAD D:/Program Files/STM32CubeIDE_1.19.0/STM32CubeIDE/plugins/com.st.stm32cube.ide.mcu.externaltools.gnu-tools-for-stm32.13.3.rel1.win32_1.0.0.202411081344/tools/bin/../lib/gcc/arm-none-eabi/13.3.1/thumb/v7-m/nofp\libgcc.a
LOAD D:/Program Files/STM32CubeIDE_1.19.0/STM32CubeIDE/plugins/com.st.stm32cube.ide.mcu.externaltools.gnu-tools-for-stm32.13.3.rel1.win32_1.0.0.202411081344/tools/bin/../lib/gcc/arm-none-eabi/13.3.1/../../../../arm-none-eabi/lib/thumb/v7-m/nofp\libc_nano.a
LOAD D:/Program Files/STM32CubeIDE_1.19.0/STM32CubeIDE/plugins/com.st.stm32cube.ide.mcu.externaltools.gnu-tools-for-stm32.13.3.rel1.win32_1.0.0.202411081344/tools/bin/../lib/gcc/arm-none-eabi/13.3.1/../../../../arm-none-eabi/lib/thumb/v7-m/nofp\libnosys.a
END GROUP
LOAD D:/Program Files/STM32CubeIDE_1.19.0/STM32CubeIDE/plugins/com.st.stm32cube.ide.mcu.externaltools.gnu-tools-for-stm32.13.3.rel1.win32_1.0.0.202411081344/tools/bin/../lib/gcc/arm-none-eabi/13.3.1/thumb/v7-m/nofp/crtend.o
LOAD D:/Program Files/STM32CubeIDE_1.19.0/STM32CubeIDE/plugins/com.st.stm32cube.ide.mcu.externaltools.gnu-tools-for-stm32.13.3.rel1.win32_1.0.0.202411081344/tools/bin/../lib/gcc/arm-none-eabi/13.3.1/thumb/v7-m/nofp/crtn.o
                0x20005000                        _estack = (ORIGIN (RAM) + LENGTH (RAM))
                0x00000200                        _Min_Heap_Size = 0x200
                0x00000400                        _Min_Stack_Size = 0x400

.isr_vector     0x08000000      0x10c
                0x08000000                        . = ALIGN (0x4)
 *(.isr_vector)
 .isr_vector    0x08000000      0x10c ./Core/Startup/startup_stm32f103c8tx.o
                0x08000000                g_pfnVectors
                0x0800010c                        . = ALIGN (0x4)

.text           0x08000110     0x167c
                0x08000110                        . = ALIGN (0x4)
 *(.text)
 .text          0x08000110       0x40 D:/Program Files/STM32CubeIDE_1.19.0/STM32CubeIDE/plugins/com.st.stm32cube.ide.mcu.externaltools.gnu-tools-for-stm32.13.3.rel1.win32_1.0.0.202411081344/tools/bin/../lib/gcc/arm-none-eabi/13.3.1/thumb/v7-m/nofp/crtbegin.o
 *(.text*)
 .text.main     0x08000150       0x14 ./Core/Src/main.o
                0x08000150                main
 .text.SystemClock_Config
                0x08000164       0x8a ./Core/Src/main.o
                0x08000164                SystemClock_Config
 *fill*         0x080001ee        0x2 
 .text.MX_GPIO_Init
                0x080001f0       0x2c ./Core/Src/main.o
 .text.HAL_TIM_PeriodElapsedCallback
                0x0800021c       0x24 ./Core/Src/main.o
                0x0800021c                HAL_TIM_PeriodElapsedCallback
 .text.Error_Handler
                0x08000240        0xc ./Core/Src/main.o
                0x08000240                Error_Handler
 .text.HAL_MspInit
                0x0800024c       0x64 ./Core/Src/stm32f1xx_hal_msp.o
                0x0800024c                HAL_MspInit
 .text.HAL_InitTick
                0x080002b0       0xfc ./Core/Src/stm32f1xx_hal_timebase_tim.o
                0x080002b0                HAL_InitTick
 .text.NMI_Handler
                0x080003ac        0x8 ./Core/Src/stm32f1xx_it.o
                0x080003ac                NMI_Handler
 .text.HardFault_Handler
                0x080003b4        0x8 ./Core/Src/stm32f1xx_it.o
                0x080003b4                HardFault_Handler
 .text.MemManage_Handler
                0x080003bc        0x8 ./Core/Src/stm32f1xx_it.o
                0x080003bc                MemManage_Handler
 .text.BusFault_Handler
                0x080003c4        0x8 ./Core/Src/stm32f1xx_it.o
                0x080003c4                BusFault_Handler
 .text.UsageFault_Handler
                0x080003cc        0x8 ./Core/Src/stm32f1xx_it.o
                0x080003cc                UsageFault_Handler
 .text.DebugMon_Handler
                0x080003d4        0xc ./Core/Src/stm32f1xx_it.o
                0x080003d4                DebugMon_Handler
 .text.TIM4_IRQHandler
                0x080003e0       0x14 ./Core/Src/stm32f1xx_it.o
                0x080003e0                TIM4_IRQHandler
 .text.SystemInit
                0x080003f4        0xc ./Core/Src/system_stm32f1xx.o
                0x080003f4                SystemInit
 .text.Reset_Handler
                0x08000400       0x48 ./Core/Startup/startup_stm32f103c8tx.o
                0x08000400                Reset_Handler
 .text.Default_Handler
                0x08000448        0x2 ./Core/Startup/startup_stm32f103c8tx.o
                0x08000448                RTC_Alarm_IRQHandler
                0x08000448                EXTI2_IRQHandler
                0x08000448                TIM1_CC_IRQHandler
                0x08000448                PVD_IRQHandler
                0x08000448                EXTI3_IRQHandler
                0x08000448                EXTI0_IRQHandler
                0x08000448                I2C2_EV_IRQHandler
                0x08000448                ADC1_2_IRQHandler
                0x08000448                SPI1_IRQHandler
                0x08000448                TAMPER_IRQHandler
                0x08000448                DMA1_Channel4_IRQHandler
                0x08000448                USART3_IRQHandler
                0x08000448                RTC_IRQHandler
                0x08000448                DMA1_Channel7_IRQHandler
                0x08000448                CAN1_RX1_IRQHandler
                0x08000448                I2C1_EV_IRQHandler
                0x08000448                DMA1_Channel6_IRQHandler
                0x08000448                TIM3_IRQHandler
                0x08000448                RCC_IRQHandler
                0x08000448                TIM1_TRG_COM_IRQHandler
                0x08000448                DMA1_Channel1_IRQHandler
                0x08000448                Default_Handler
                0x08000448                EXTI15_10_IRQHandler
                0x08000448                EXTI9_5_IRQHandler
                0x08000448                SPI2_IRQHandler
                0x08000448                DMA1_Channel5_IRQHandler
                0x08000448                EXTI4_IRQHandler
                0x08000448                USB_LP_CAN1_RX0_IRQHandler
                0x08000448                USB_HP_CAN1_TX_IRQHandler
                0x08000448                DMA1_Channel3_IRQHandler
                0x08000448                TIM1_UP_IRQHandler
                0x08000448                WWDG_IRQHandler
                0x08000448                TIM2_IRQHandler
                0x08000448                TIM1_BRK_IRQHandler
                0x08000448                EXTI1_IRQHandler
                0x08000448                USART2_IRQHandler
                0x08000448                I2C2_ER_IRQHandler
                0x08000448                DMA1_Channel2_IRQHandler
                0x08000448                CAN1_SCE_IRQHandler
                0x08000448                FLASH_IRQHandler
                0x08000448                USART1_IRQHandler
                0x08000448                I2C1_ER_IRQHandler
                0x08000448                USBWakeUp_IRQHandler
 *fill*         0x0800044a        0x2 
 .text.HAL_Init
                0x0800044c       0x2c ./Drivers/STM32F1xx_HAL_Driver/Src/stm32f1xx_hal.o
                0x0800044c                HAL_Init
 .text.HAL_IncTick
                0x08000478       0x24 ./Drivers/STM32F1xx_HAL_Driver/Src/stm32f1xx_hal.o
                0x08000478                HAL_IncTick
 .text.HAL_GetTick
                0x0800049c       0x14 ./Drivers/STM32F1xx_HAL_Driver/Src/stm32f1xx_hal.o
                0x0800049c                HAL_GetTick
 .text.__NVIC_SetPriorityGrouping
                0x080004b0       0x48 ./Drivers/STM32F1xx_HAL_Driver/Src/stm32f1xx_hal_cortex.o
 .text.__NVIC_GetPriorityGrouping
                0x080004f8       0x1c ./Drivers/STM32F1xx_HAL_Driver/Src/stm32f1xx_hal_cortex.o
 .text.__NVIC_EnableIRQ
                0x08000514       0x38 ./Drivers/STM32F1xx_HAL_Driver/Src/stm32f1xx_hal_cortex.o
 .text.__NVIC_SetPriority
                0x0800054c       0x54 ./Drivers/STM32F1xx_HAL_Driver/Src/stm32f1xx_hal_cortex.o
 .text.NVIC_EncodePriority
                0x080005a0       0x64 ./Drivers/STM32F1xx_HAL_Driver/Src/stm32f1xx_hal_cortex.o
 .text.HAL_NVIC_SetPriorityGrouping
                0x08000604       0x16 ./Drivers/STM32F1xx_HAL_Driver/Src/stm32f1xx_hal_cortex.o
                0x08000604                HAL_NVIC_SetPriorityGrouping
 .text.HAL_NVIC_SetPriority
                0x0800061a       0x38 ./Drivers/STM32F1xx_HAL_Driver/Src/stm32f1xx_hal_cortex.o
                0x0800061a                HAL_NVIC_SetPriority
 .text.HAL_NVIC_EnableIRQ
                0x08000652       0x1c ./Drivers/STM32F1xx_HAL_Driver/Src/stm32f1xx_hal_cortex.o
                0x08000652                HAL_NVIC_EnableIRQ
 *fill*         0x0800066e        0x2 
 .text.HAL_RCC_OscConfig
                0x08000670      0x504 ./Drivers/STM32F1xx_HAL_Driver/Src/stm32f1xx_hal_rcc.o
                0x08000670                HAL_RCC_OscConfig
 .text.HAL_RCC_ClockConfig
                0x08000b74      0x1d4 ./Drivers/STM32F1xx_HAL_Driver/Src/stm32f1xx_hal_rcc.o
                0x08000b74                HAL_RCC_ClockConfig
 .text.HAL_RCC_GetSysClockFreq
                0x08000d48       0xa8 ./Drivers/STM32F1xx_HAL_Driver/Src/stm32f1xx_hal_rcc.o
                0x08000d48                HAL_RCC_GetSysClockFreq
 .text.HAL_RCC_GetHCLKFreq
                0x08000df0       0x14 ./Drivers/STM32F1xx_HAL_Driver/Src/stm32f1xx_hal_rcc.o
                0x08000df0                HAL_RCC_GetHCLKFreq
 .text.HAL_RCC_GetPCLK1Freq
                0x08000e04       0x28 ./Drivers/STM32F1xx_HAL_Driver/Src/stm32f1xx_hal_rcc.o
                0x08000e04                HAL_RCC_GetPCLK1Freq
 .text.HAL_RCC_GetClockConfig
                0x08000e2c       0x60 ./Drivers/STM32F1xx_HAL_Driver/Src/stm32f1xx_hal_rcc.o
                0x08000e2c                HAL_RCC_GetClockConfig
 .text.RCC_Delay
                0x08000e8c       0x3c ./Drivers/STM32F1xx_HAL_Driver/Src/stm32f1xx_hal_rcc.o
 .text.HAL_TIM_Base_Init
                0x08000ec8       0x9e ./Drivers/STM32F1xx_HAL_Driver/Src/stm32f1xx_hal_tim.o
                0x08000ec8                HAL_TIM_Base_Init
 .text.HAL_TIM_Base_MspInit
                0x08000f66       0x12 ./Drivers/STM32F1xx_HAL_Driver/Src/stm32f1xx_hal_tim.o
                0x08000f66                HAL_TIM_Base_MspInit
 .text.HAL_TIM_Base_Start_IT
                0x08000f78       0xa4 ./Drivers/STM32F1xx_HAL_Driver/Src/stm32f1xx_hal_tim.o
                0x08000f78                HAL_TIM_Base_Start_IT
 .text.HAL_TIM_IRQHandler
                0x0800101c      0x1e0 ./Drivers/STM32F1xx_HAL_Driver/Src/stm32f1xx_hal_tim.o
                0x0800101c                HAL_TIM_IRQHandler
 .text.HAL_TIM_OC_DelayElapsedCallback
                0x080011fc       0x12 ./Drivers/STM32F1xx_HAL_Driver/Src/stm32f1xx_hal_tim.o
                0x080011fc                HAL_TIM_OC_DelayElapsedCallback
 .text.HAL_TIM_IC_CaptureCallback
                0x0800120e       0x12 ./Drivers/STM32F1xx_HAL_Driver/Src/stm32f1xx_hal_tim.o
                0x0800120e                HAL_TIM_IC_CaptureCallback
 .text.HAL_TIM_PWM_PulseFinishedCallback
                0x08001220       0x12 ./Drivers/STM32F1xx_HAL_Driver/Src/stm32f1xx_hal_tim.o
                0x08001220                HAL_TIM_PWM_PulseFinishedCallback
 .text.HAL_TIM_TriggerCallback
                0x08001232       0x12 ./Drivers/STM32F1xx_HAL_Driver/Src/stm32f1xx_hal_tim.o
                0x08001232                HAL_TIM_TriggerCallback
 .text.TIM_Base_SetConfig
                0x08001244       0xdc ./Drivers/STM32F1xx_HAL_Driver/Src/stm32f1xx_hal_tim.o
                0x08001244                TIM_Base_SetConfig
 .text.HAL_TIMEx_CommutCallback
                0x08001320       0x12 ./Drivers/STM32F1xx_HAL_Driver/Src/stm32f1xx_hal_tim_ex.o
                0x08001320                HAL_TIMEx_CommutCallback
 .text.HAL_TIMEx_BreakCallback
                0x08001332       0x12 ./Drivers/STM32F1xx_HAL_Driver/Src/stm32f1xx_hal_tim_ex.o
                0x08001332                HAL_TIMEx_BreakCallback
 .text.xTaskIncrementTick
                0x08001344      0x230 ./FreeRTOS/Source/tasks.o
                0x08001344                xTaskIncrementTick
 .text.vTaskSwitchContext
                0x08001574       0xb8 ./FreeRTOS/Source/tasks.o
                0x08001574                vTaskSwitchContext
 .text.prvResetNextTaskUnblockTime
                0x0800162c       0x34 ./FreeRTOS/Source/tasks.o
 .text.SVC_Handler
                0x08001660       0x28 ./FreeRTOS/Source/portable/GCC/ARM_CM3/port.o
                0x08001660                SVC_Handler
 *fill*         0x08001688        0x8 
 .text.PendSV_Handler
                0x08001690       0x48 ./FreeRTOS/Source/portable/GCC/ARM_CM3/port.o
                0x08001690                PendSV_Handler
 .text.SysTick_Handler
                0x080016d8       0x44 ./FreeRTOS/Source/portable/GCC/ARM_CM3/port.o
                0x080016d8                SysTick_Handler
 .text.memset   0x0800171c       0x10 D:/Program Files/STM32CubeIDE_1.19.0/STM32CubeIDE/plugins/com.st.stm32cube.ide.mcu.externaltools.gnu-tools-for-stm32.13.3.rel1.win32_1.0.0.202411081344/tools/bin/../lib/gcc/arm-none-eabi/13.3.1/../../../../arm-none-eabi/lib/thumb/v7-m/nofp\libc_nano.a(libc_a-memset.o)
                0x0800171c                memset
 .text.__libc_init_array
                0x0800172c       0x48 D:/Program Files/STM32CubeIDE_1.19.0/STM32CubeIDE/plugins/com.st.stm32cube.ide.mcu.externaltools.gnu-tools-for-stm32.13.3.rel1.win32_1.0.0.202411081344/tools/bin/../lib/gcc/arm-none-eabi/13.3.1/../../../../arm-none-eabi/lib/thumb/v7-m/nofp\libc_nano.a(libc_a-init.o)
                0x0800172c                __libc_init_array
 *(.glue_7)
 .glue_7        0x08001774        0x0 linker stubs
 *(.glue_7t)
 .glue_7t       0x08001774        0x0 linker stubs
 *(.eh_frame)
 .eh_frame      0x08001774        0x0 D:/Program Files/STM32CubeIDE_1.19.0/STM32CubeIDE/plugins/com.st.stm32cube.ide.mcu.externaltools.gnu-tools-for-stm32.13.3.rel1.win32_1.0.0.202411081344/tools/bin/../lib/gcc/arm-none-eabi/13.3.1/thumb/v7-m/nofp/crtbegin.o
 *(.init)
 .init          0x08001774        0x4 D:/Program Files/STM32CubeIDE_1.19.0/STM32CubeIDE/plugins/com.st.stm32cube.ide.mcu.externaltools.gnu-tools-for-stm32.13.3.rel1.win32_1.0.0.202411081344/tools/bin/../lib/gcc/arm-none-eabi/13.3.1/thumb/v7-m/nofp/crti.o
                0x08001774                _init
 .init          0x08001778        0x8 D:/Program Files/STM32CubeIDE_1.19.0/STM32CubeIDE/plugins/com.st.stm32cube.ide.mcu.externaltools.gnu-tools-for-stm32.13.3.rel1.win32_1.0.0.202411081344/tools/bin/../lib/gcc/arm-none-eabi/13.3.1/thumb/v7-m/nofp/crtn.o
 *(.fini)
 .fini          0x08001780        0x4 D:/Program Files/STM32CubeIDE_1.19.0/STM32CubeIDE/plugins/com.st.stm32cube.ide.mcu.externaltools.gnu-tools-for-stm32.13.3.rel1.win32_1.0.0.202411081344/tools/bin/../lib/gcc/arm-none-eabi/13.3.1/thumb/v7-m/nofp/crti.o
                0x08001780                _fini
 .fini          0x08001784        0x8 D:/Program Files/STM32CubeIDE_1.19.0/STM32CubeIDE/plugins/com.st.stm32cube.ide.mcu.externaltools.gnu-tools-for-stm32.13.3.rel1.win32_1.0.0.202411081344/tools/bin/../lib/gcc/arm-none-eabi/13.3.1/thumb/v7-m/nofp/crtn.o
                0x0800178c                        . = ALIGN (0x4)
                0x0800178c                        _etext = .

.vfp11_veneer   0x0800178c        0x0
 .vfp11_veneer  0x0800178c        0x0 linker stubs

.v4_bx          0x0800178c        0x0
 .v4_bx         0x0800178c        0x0 linker stubs

.iplt           0x0800178c        0x0
 .iplt          0x0800178c        0x0 D:/Program Files/STM32CubeIDE_1.19.0/STM32CubeIDE/plugins/com.st.stm32cube.ide.mcu.externaltools.gnu-tools-for-stm32.13.3.rel1.win32_1.0.0.202411081344/tools/bin/../lib/gcc/arm-none-eabi/13.3.1/thumb/v7-m/nofp/crtbegin.o

.rodata         0x0800178c       0x2c
                0x0800178c                        . = ALIGN (0x4)
 *(.rodata)
 *(.rodata*)
 .rodata.AHBPrescTable
                0x0800178c       0x10 ./Core/Src/system_stm32f1xx.o
                0x0800178c                AHBPrescTable
 .rodata.APBPrescTable
                0x0800179c        0x8 ./Core/Src/system_stm32f1xx.o
                0x0800179c                APBPrescTable
 .rodata.aPLLMULFactorTable.1
                0x080017a4       0x10 ./Drivers/STM32F1xx_HAL_Driver/Src/stm32f1xx_hal_rcc.o
 .rodata.aPredivFactorTable.0
                0x080017b4        0x2 ./Drivers/STM32F1xx_HAL_Driver/Src/stm32f1xx_hal_rcc.o
                0x080017b8                        . = ALIGN (0x4)
 *fill*         0x080017b6        0x2 

.ARM.extab      0x080017b8        0x0
                0x080017b8                        . = ALIGN (0x4)
 *(.ARM.extab* .gnu.linkonce.armextab.*)
                0x080017b8                        . = ALIGN (0x4)

.ARM            0x080017b8        0x0
                0x080017b8                        . = ALIGN (0x4)
                0x080017b8                        __exidx_start = .
 *(.ARM.exidx*)
                0x080017b8                        __exidx_end = .
                0x080017b8                        . = ALIGN (0x4)

.preinit_array  0x080017b8        0x0
                0x080017b8                        . = ALIGN (0x4)
                0x080017b8                        PROVIDE (__preinit_array_start = .)
 *(.preinit_array*)
                0x080017b8                        PROVIDE (__preinit_array_end = .)
                0x080017b8                        . = ALIGN (0x4)

.init_array     0x080017b8        0x4
                0x080017b8                        . = ALIGN (0x4)
                0x080017b8                        PROVIDE (__init_array_start = .)
 *(SORT_BY_NAME(.init_array.*))
 *(.init_array*)
 .init_array    0x080017b8        0x4 D:/Program Files/STM32CubeIDE_1.19.0/STM32CubeIDE/plugins/com.st.stm32cube.ide.mcu.externaltools.gnu-tools-for-stm32.13.3.rel1.win32_1.0.0.202411081344/tools/bin/../lib/gcc/arm-none-eabi/13.3.1/thumb/v7-m/nofp/crtbegin.o
                0x080017bc                        PROVIDE (__init_array_end = .)
                0x080017bc                        . = ALIGN (0x4)

.fini_array     0x080017bc        0x4
                0x080017bc                        . = ALIGN (0x4)
                [!provide]                        PROVIDE (__fini_array_start = .)
 *(SORT_BY_NAME(.fini_array.*))
 *(.fini_array*)
 .fini_array    0x080017bc        0x4 D:/Program Files/STM32CubeIDE_1.19.0/STM32CubeIDE/plugins/com.st.stm32cube.ide.mcu.externaltools.gnu-tools-for-stm32.13.3.rel1.win32_1.0.0.202411081344/tools/bin/../lib/gcc/arm-none-eabi/13.3.1/thumb/v7-m/nofp/crtbegin.o
                [!provide]                        PROVIDE (__fini_array_end = .)
                0x080017c0                        . = ALIGN (0x4)
                0x080017c0                        _sidata = LOADADDR (.data)

.rel.dyn        0x080017c0        0x0
 .rel.iplt      0x080017c0        0x0 D:/Program Files/STM32CubeIDE_1.19.0/STM32CubeIDE/plugins/com.st.stm32cube.ide.mcu.externaltools.gnu-tools-for-stm32.13.3.rel1.win32_1.0.0.202411081344/tools/bin/../lib/gcc/arm-none-eabi/13.3.1/thumb/v7-m/nofp/crtbegin.o

.data           0x20000000        0xc load address 0x080017c0
                0x20000000                        . = ALIGN (0x4)
                0x20000000                        _sdata = .
 *(.data)
 *(.data*)
 .data.SystemCoreClock
                0x20000000        0x4 ./Core/Src/system_stm32f1xx.o
                0x20000000                SystemCoreClock
 .data.uwTickPrio
                0x20000004        0x4 ./Drivers/STM32F1xx_HAL_Driver/Src/stm32f1xx_hal.o
                0x20000004                uwTickPrio
 .data.uwTickFreq
                0x20000008        0x1 ./Drivers/STM32F1xx_HAL_Driver/Src/stm32f1xx_hal.o
                0x20000008                uwTickFreq
 *(.RamFunc)
 *(.RamFunc*)
                0x2000000c                        . = ALIGN (0x4)
 *fill*         0x20000009        0x3 
                0x2000000c                        _edata = .

.igot.plt       0x2000000c        0x0 load address 0x080017cc
 .igot.plt      0x2000000c        0x0 D:/Program Files/STM32CubeIDE_1.19.0/STM32CubeIDE/plugins/com.st.stm32cube.ide.mcu.externaltools.gnu-tools-for-stm32.13.3.rel1.win32_1.0.0.202411081344/tools/bin/../lib/gcc/arm-none-eabi/13.3.1/thumb/v7-m/nofp/crtbegin.o
                0x2000000c                        . = ALIGN (0x4)

.bss            0x2000000c      0x11c load address 0x080017cc
                0x2000000c                        _sbss = .
                0x2000000c                        __bss_start__ = _sbss
 *(.bss)
 .bss           0x2000000c       0x1c D:/Program Files/STM32CubeIDE_1.19.0/STM32CubeIDE/plugins/com.st.stm32cube.ide.mcu.externaltools.gnu-tools-for-stm32.13.3.rel1.win32_1.0.0.202411081344/tools/bin/../lib/gcc/arm-none-eabi/13.3.1/thumb/v7-m/nofp/crtbegin.o
 *(.bss*)
 .bss.htim4     0x20000028       0x48 ./Core/Src/stm32f1xx_hal_timebase_tim.o
                0x20000028                htim4
 .bss.uwTick    0x20000070        0x4 ./Drivers/STM32F1xx_HAL_Driver/Src/stm32f1xx_hal.o
                0x20000070                uwTick
 .bss.pxCurrentTCB
                0x20000074        0x4 ./FreeRTOS/Source/tasks.o
                0x20000074                pxCurrentTCB
 .bss.pxReadyTasksLists
                0x20000078       0x8c ./FreeRTOS/Source/tasks.o
 .bss.pxDelayedTaskList
                0x20000104        0x4 ./FreeRTOS/Source/tasks.o
 .bss.pxOverflowDelayedTaskList
                0x20000108        0x4 ./FreeRTOS/Source/tasks.o
 .bss.xTickCount
                0x2000010c        0x4 ./FreeRTOS/Source/tasks.o
 .bss.uxTopReadyPriority
                0x20000110        0x4 ./FreeRTOS/Source/tasks.o
 .bss.xPendedTicks
                0x20000114        0x4 ./FreeRTOS/Source/tasks.o
 .bss.xYieldPending
                0x20000118        0x4 ./FreeRTOS/Source/tasks.o
 .bss.xNumOfOverflows
                0x2000011c        0x4 ./FreeRTOS/Source/tasks.o
 .bss.xNextTaskUnblockTime
                0x20000120        0x4 ./FreeRTOS/Source/tasks.o
 .bss.uxSchedulerSuspended
                0x20000124        0x4 ./FreeRTOS/Source/tasks.o
 *(COMMON)
                0x20000128                        . = ALIGN (0x4)
                0x20000128                        _ebss = .
                0x20000128                        __bss_end__ = _ebss

._user_heap_stack
                0x20000128      0x600 load address 0x080017cc
                0x20000128                        . = ALIGN (0x8)
                [!provide]                        PROVIDE (end = .)
                0x20000128                        PROVIDE (_end = .)
                0x20000328                        . = (. + _Min_Heap_Size)
 *fill*         0x20000128      0x200 
                0x20000728                        . = (. + _Min_Stack_Size)
 *fill*         0x20000328      0x400 
                0x20000728                        . = ALIGN (0x8)

/DISCARD/
 libc.a(*)
 libm.a(*)
 libgcc.a(*)

.ARM.attributes
                0x00000000       0x29
 *(.ARM.attributes)
 .ARM.attributes
                0x00000000       0x1d D:/Program Files/STM32CubeIDE_1.19.0/STM32CubeIDE/plugins/com.st.stm32cube.ide.mcu.externaltools.gnu-tools-for-stm32.13.3.rel1.win32_1.0.0.202411081344/tools/bin/../lib/gcc/arm-none-eabi/13.3.1/thumb/v7-m/nofp/crti.o
 .ARM.attributes
                0x0000001d       0x2d D:/Program Files/STM32CubeIDE_1.19.0/STM32CubeIDE/plugins/com.st.stm32cube.ide.mcu.externaltools.gnu-tools-for-stm32.13.3.rel1.win32_1.0.0.202411081344/tools/bin/../lib/gcc/arm-none-eabi/13.3.1/thumb/v7-m/nofp/crtbegin.o
 .ARM.attributes
                0x0000004a       0x2d ./Core/Src/main.o
 .ARM.attributes
                0x00000077       0x2d ./Core/Src/stm32f1xx_hal_msp.o
 .ARM.attributes
                0x000000a4       0x2d ./Core/Src/stm32f1xx_hal_timebase_tim.o
 .ARM.attributes
                0x000000d1       0x2d ./Core/Src/stm32f1xx_it.o
 .ARM.attributes
                0x000000fe       0x2d ./Core/Src/system_stm32f1xx.o
 .ARM.attributes
                0x0000012b       0x21 ./Core/Startup/startup_stm32f103c8tx.o
 .ARM.attributes
                0x0000014c       0x2d ./Drivers/STM32F1xx_HAL_Driver/Src/stm32f1xx_hal.o
 .ARM.attributes
                0x00000179       0x2d ./Drivers/STM32F1xx_HAL_Driver/Src/stm32f1xx_hal_cortex.o
 .ARM.attributes
                0x000001a6       0x2d ./Drivers/STM32F1xx_HAL_Driver/Src/stm32f1xx_hal_rcc.o
 .ARM.attributes
                0x000001d3       0x2d ./Drivers/STM32F1xx_HAL_Driver/Src/stm32f1xx_hal_tim.o
 .ARM.attributes
                0x00000200       0x2d ./Drivers/STM32F1xx_HAL_Driver/Src/stm32f1xx_hal_tim_ex.o
 .ARM.attributes
                0x0000022d       0x2d ./FreeRTOS/Source/tasks.o
 .ARM.attributes
                0x0000025a       0x2d ./FreeRTOS/Source/portable/GCC/ARM_CM3/port.o
 .ARM.attributes
                0x00000287       0x2d D:/Program Files/STM32CubeIDE_1.19.0/STM32CubeIDE/plugins/com.st.stm32cube.ide.mcu.externaltools.gnu-tools-for-stm32.13.3.rel1.win32_1.0.0.202411081344/tools/bin/../lib/gcc/arm-none-eabi/13.3.1/../../../../arm-none-eabi/lib/thumb/v7-m/nofp\libc_nano.a(libc_a-memset.o)
 .ARM.attributes
                0x000002b4       0x2d D:/Program Files/STM32CubeIDE_1.19.0/STM32CubeIDE/plugins/com.st.stm32cube.ide.mcu.externaltools.gnu-tools-for-stm32.13.3.rel1.win32_1.0.0.202411081344/tools/bin/../lib/gcc/arm-none-eabi/13.3.1/../../../../arm-none-eabi/lib/thumb/v7-m/nofp\libc_nano.a(libc_a-init.o)
 .ARM.attributes
                0x000002e1       0x1d D:/Program Files/STM32CubeIDE_1.19.0/STM32CubeIDE/plugins/com.st.stm32cube.ide.mcu.externaltools.gnu-tools-for-stm32.13.3.rel1.win32_1.0.0.202411081344/tools/bin/../lib/gcc/arm-none-eabi/13.3.1/thumb/v7-m/nofp/crtn.o
OUTPUT(Temperature sensor.elf elf32-littlearm)
LOAD linker stubs
LOAD D:/Program Files/STM32CubeIDE_1.19.0/STM32CubeIDE/plugins/com.st.stm32cube.ide.mcu.externaltools.gnu-tools-for-stm32.13.3.rel1.win32_1.0.0.202411081344/tools/bin/../lib/gcc/arm-none-eabi/13.3.1/../../../../arm-none-eabi/lib/thumb/v7-m/nofp\libc.a
LOAD D:/Program Files/STM32CubeIDE_1.19.0/STM32CubeIDE/plugins/com.st.stm32cube.ide.mcu.externaltools.gnu-tools-for-stm32.13.3.rel1.win32_1.0.0.202411081344/tools/bin/../lib/gcc/arm-none-eabi/13.3.1/../../../../arm-none-eabi/lib/thumb/v7-m/nofp\libm.a
LOAD D:/Program Files/STM32CubeIDE_1.19.0/STM32CubeIDE/plugins/com.st.stm32cube.ide.mcu.externaltools.gnu-tools-for-stm32.13.3.rel1.win32_1.0.0.202411081344/tools/bin/../lib/gcc/arm-none-eabi/13.3.1/thumb/v7-m/nofp\libgcc.a

.debug_info     0x00000000     0x9933
 .debug_info    0x00000000      0x8cf ./Core/Src/main.o
 .debug_info    0x000008cf      0x1f1 ./Core/Src/stm32f1xx_hal_msp.o
 .debug_info    0x00000ac0      0x9a8 ./Core/Src/stm32f1xx_hal_timebase_tim.o
 .debug_info    0x00001468      0x66a ./Core/Src/stm32f1xx_it.o
 .debug_info    0x00001ad2      0x222 ./Core/Src/system_stm32f1xx.o
 .debug_info    0x00001cf4       0x30 ./Core/Startup/startup_stm32f103c8tx.o
 .debug_info    0x00001d24      0x704 ./Drivers/STM32F1xx_HAL_Driver/Src/stm32f1xx_hal.o
 .debug_info    0x00002428      0xa87 ./Drivers/STM32F1xx_HAL_Driver/Src/stm32f1xx_hal_cortex.o
 .debug_info    0x00002eaf      0x7d5 ./Drivers/STM32F1xx_HAL_Driver/Src/stm32f1xx_hal_rcc.o
 .debug_info    0x00003684     0x2959 ./Drivers/STM32F1xx_HAL_Driver/Src/stm32f1xx_hal_tim.o
 .debug_info    0x00005fdd     0x149b ./Drivers/STM32F1xx_HAL_Driver/Src/stm32f1xx_hal_tim_ex.o
 .debug_info    0x00007478     0x2024 ./FreeRTOS/Source/tasks.o
 .debug_info    0x0000949c      0x497 ./FreeRTOS/Source/portable/GCC/ARM_CM3/port.o

.debug_abbrev   0x00000000     0x1a33
 .debug_abbrev  0x00000000      0x22c ./Core/Src/main.o
 .debug_abbrev  0x0000022c       0xdb ./Core/Src/stm32f1xx_hal_msp.o
 .debug_abbrev  0x00000307      0x1f3 ./Core/Src/stm32f1xx_hal_timebase_tim.o
 .debug_abbrev  0x000004fa      0x17c ./Core/Src/stm32f1xx_it.o
 .debug_abbrev  0x00000676      0x13f ./Core/Src/system_stm32f1xx.o
 .debug_abbrev  0x000007b5       0x24 ./Core/Startup/startup_stm32f103c8tx.o
 .debug_abbrev  0x000007d9      0x201 ./Drivers/STM32F1xx_HAL_Driver/Src/stm32f1xx_hal.o
 .debug_abbrev  0x000009da      0x2f8 ./Drivers/STM32F1xx_HAL_Driver/Src/stm32f1xx_hal_cortex.o
 .debug_abbrev  0x00000cd2      0x2b3 ./Drivers/STM32F1xx_HAL_Driver/Src/stm32f1xx_hal_rcc.o
 .debug_abbrev  0x00000f85      0x277 ./Drivers/STM32F1xx_HAL_Driver/Src/stm32f1xx_hal_tim.o
 .debug_abbrev  0x000011fc      0x282 ./Drivers/STM32F1xx_HAL_Driver/Src/stm32f1xx_hal_tim_ex.o
 .debug_abbrev  0x0000147e      0x35f ./FreeRTOS/Source/tasks.o
 .debug_abbrev  0x000017dd      0x256 ./FreeRTOS/Source/portable/GCC/ARM_CM3/port.o

.debug_aranges  0x00000000      0xb10
 .debug_aranges
                0x00000000       0x40 ./Core/Src/main.o
 .debug_aranges
                0x00000040       0x20 ./Core/Src/stm32f1xx_hal_msp.o
 .debug_aranges
                0x00000060       0x30 ./Core/Src/stm32f1xx_hal_timebase_tim.o
 .debug_aranges
                0x00000090       0x50 ./Core/Src/stm32f1xx_it.o
 .debug_aranges
                0x000000e0       0x28 ./Core/Src/system_stm32f1xx.o
 .debug_aranges
                0x00000108       0x28 ./Core/Startup/startup_stm32f103c8tx.o
 .debug_aranges
                0x00000130       0xe0 ./Drivers/STM32F1xx_HAL_Driver/Src/stm32f1xx_hal.o
 .debug_aranges
                0x00000210      0x100 ./Drivers/STM32F1xx_HAL_Driver/Src/stm32f1xx_hal_cortex.o
 .debug_aranges
                0x00000310       0x90 ./Drivers/STM32F1xx_HAL_Driver/Src/stm32f1xx_hal_rcc.o
 .debug_aranges
                0x000003a0      0x3d0 ./Drivers/STM32F1xx_HAL_Driver/Src/stm32f1xx_hal_tim.o
 .debug_aranges
                0x00000770      0x168 ./Drivers/STM32F1xx_HAL_Driver/Src/stm32f1xx_hal_tim_ex.o
 .debug_aranges
                0x000008d8      0x1c0 ./FreeRTOS/Source/tasks.o
 .debug_aranges
                0x00000a98       0x78 ./FreeRTOS/Source/portable/GCC/ARM_CM3/port.o

.debug_rnglists
                0x00000000      0x890
 .debug_rnglists
                0x00000000       0x2c ./Core/Src/main.o
 .debug_rnglists
                0x0000002c       0x13 ./Core/Src/stm32f1xx_hal_msp.o
 .debug_rnglists
                0x0000003f       0x20 ./Core/Src/stm32f1xx_hal_timebase_tim.o
 .debug_rnglists
                0x0000005f       0x37 ./Core/Src/stm32f1xx_it.o
 .debug_rnglists
                0x00000096       0x1a ./Core/Src/system_stm32f1xx.o
 .debug_rnglists
                0x000000b0       0x19 ./Core/Startup/startup_stm32f103c8tx.o
 .debug_rnglists
                0x000000c9       0xa3 ./Drivers/STM32F1xx_HAL_Driver/Src/stm32f1xx_hal.o
 .debug_rnglists
                0x0000016c       0xbb ./Drivers/STM32F1xx_HAL_Driver/Src/stm32f1xx_hal_cortex.o
 .debug_rnglists
                0x00000227       0x6c ./Drivers/STM32F1xx_HAL_Driver/Src/stm32f1xx_hal_rcc.o
 .debug_rnglists
                0x00000293      0x31a ./Drivers/STM32F1xx_HAL_Driver/Src/stm32f1xx_hal_tim.o
 .debug_rnglists
                0x000005ad      0x125 ./Drivers/STM32F1xx_HAL_Driver/Src/stm32f1xx_hal_tim_ex.o
 .debug_rnglists
                0x000006d2      0x167 ./FreeRTOS/Source/tasks.o
 .debug_rnglists
                0x00000839       0x57 ./FreeRTOS/Source/portable/GCC/ARM_CM3/port.o

.debug_macro    0x00000000    0x172f4
 .debug_macro   0x00000000      0x1fc ./Core/Src/main.o
 .debug_macro   0x000001fc      0xacc ./Core/Src/main.o
 .debug_macro   0x00000cc8      0x215 ./Core/Src/main.o
 .debug_macro   0x00000edd       0x2e ./Core/Src/main.o
 .debug_macro   0x00000f0b       0x22 ./Core/Src/main.o
 .debug_macro   0x00000f2d       0x22 ./Core/Src/main.o
 .debug_macro   0x00000f4f       0x8e ./Core/Src/main.o
 .debug_macro   0x00000fdd       0x51 ./Core/Src/main.o
 .debug_macro   0x0000102e      0x103 ./Core/Src/main.o
 .debug_macro   0x00001131       0x6a ./Core/Src/main.o
 .debug_macro   0x0000119b      0x1df ./Core/Src/main.o
 .debug_macro   0x0000137a       0x1c ./Core/Src/main.o
 .debug_macro   0x00001396       0x22 ./Core/Src/main.o
 .debug_macro   0x000013b8       0xbd ./Core/Src/main.o
 .debug_macro   0x00001475      0xd23 ./Core/Src/main.o
 .debug_macro   0x00002198     0xe09e ./Core/Src/main.o
 .debug_macro   0x00010236       0x6d ./Core/Src/main.o
 .debug_macro   0x000102a3     0x34a2 ./Core/Src/main.o
 .debug_macro   0x00013745      0x190 ./Core/Src/main.o
 .debug_macro   0x000138d5       0x5c ./Core/Src/main.o
 .debug_macro   0x00013931      0x5bc ./Core/Src/main.o
 .debug_macro   0x00013eed      0x289 ./Core/Src/main.o
 .debug_macro   0x00014176      0x1cb ./Core/Src/main.o
 .debug_macro   0x00014341      0x114 ./Core/Src/main.o
 .debug_macro   0x00014455      0x1b2 ./Core/Src/main.o
 .debug_macro   0x00014607       0x27 ./Core/Src/main.o
 .debug_macro   0x0001462e      0x136 ./Core/Src/main.o
 .debug_macro   0x00014764      0x1bc ./Core/Src/main.o
 .debug_macro   0x00014920       0x34 ./Core/Src/main.o
 .debug_macro   0x00014954       0x3c ./Core/Src/main.o
 .debug_macro   0x00014990       0x57 ./Core/Src/main.o
 .debug_macro   0x000149e7       0x87 ./Core/Src/main.o
 .debug_macro   0x00014a6e      0x240 ./Core/Src/main.o
 .debug_macro   0x00014cae      0x140 ./Core/Src/main.o
 .debug_macro   0x00014dee      0x8ed ./Core/Src/main.o
 .debug_macro   0x000156db       0x83 ./Core/Src/main.o
 .debug_macro   0x0001575e      0x112 ./Core/Src/main.o
 .debug_macro   0x00015870      0x15a ./Core/Src/main.o
 .debug_macro   0x000159ca       0xe4 ./Core/Src/main.o
 .debug_macro   0x00015aae       0x28 ./Core/Src/main.o
 .debug_macro   0x00015ad6       0x1f ./Core/Src/main.o
 .debug_macro   0x00015af5       0x12 ./Core/Src/main.o
 .debug_macro   0x00015b07      0x51f ./Core/Src/main.o
 .debug_macro   0x00016026      0x1a3 ./Core/Src/stm32f1xx_hal_msp.o
 .debug_macro   0x000161c9      0x199 ./Core/Src/stm32f1xx_hal_timebase_tim.o
 .debug_macro   0x00016362      0x1ad ./Core/Src/stm32f1xx_it.o
 .debug_macro   0x0001650f      0x199 ./Core/Src/system_stm32f1xx.o
 .debug_macro   0x000166a8      0x1bd ./Drivers/STM32F1xx_HAL_Driver/Src/stm32f1xx_hal.o
 .debug_macro   0x00016865      0x199 ./Drivers/STM32F1xx_HAL_Driver/Src/stm32f1xx_hal_cortex.o
 .debug_macro   0x000169fe      0x1ab ./Drivers/STM32F1xx_HAL_Driver/Src/stm32f1xx_hal_rcc.o
 .debug_macro   0x00016ba9      0x19a ./Drivers/STM32F1xx_HAL_Driver/Src/stm32f1xx_hal_tim.o
 .debug_macro   0x00016d43      0x199 ./Drivers/STM32F1xx_HAL_Driver/Src/stm32f1xx_hal_tim_ex.o
 .debug_macro   0x00016edc      0x27e ./FreeRTOS/Source/tasks.o
 .debug_macro   0x0001715a       0x17 ./FreeRTOS/Source/tasks.o
 .debug_macro   0x00017171      0x183 ./FreeRTOS/Source/portable/GCC/ARM_CM3/port.o

.debug_line     0x00000000     0xba21
 .debug_line    0x00000000      0x932 ./Core/Src/main.o
 .debug_line    0x00000932      0x6e1 ./Core/Src/stm32f1xx_hal_msp.o
 .debug_line    0x00001013      0x75f ./Core/Src/stm32f1xx_hal_timebase_tim.o
 .debug_line    0x00001772      0x769 ./Core/Src/stm32f1xx_it.o
 .debug_line    0x00001edb      0x75f ./Core/Src/system_stm32f1xx.o
 .debug_line    0x0000263a       0x78 ./Core/Startup/startup_stm32f103c8tx.o
 .debug_line    0x000026b2      0x990 ./Drivers/STM32F1xx_HAL_Driver/Src/stm32f1xx_hal.o
 .debug_line    0x00003042      0xb5a ./Drivers/STM32F1xx_HAL_Driver/Src/stm32f1xx_hal_cortex.o
 .debug_line    0x00003b9c      0xe49 ./Drivers/STM32F1xx_HAL_Driver/Src/stm32f1xx_hal_rcc.o
 .debug_line    0x000049e5     0x347e ./Drivers/STM32F1xx_HAL_Driver/Src/stm32f1xx_hal_tim.o
 .debug_line    0x00007e63     0x1854 ./Drivers/STM32F1xx_HAL_Driver/Src/stm32f1xx_hal_tim_ex.o
 .debug_line    0x000096b7     0x1b26 ./FreeRTOS/Source/tasks.o
 .debug_line    0x0000b1dd      0x844 ./FreeRTOS/Source/portable/GCC/ARM_CM3/port.o

.debug_str      0x00000000    0x8e4db
 .debug_str     0x00000000    0x8e4db ./Core/Src/main.o
                              0x853fd (size before relaxing)
 .debug_str     0x0008e4db    0x81b29 ./Core/Src/stm32f1xx_hal_msp.o
 .debug_str     0x0008e4db    0x8241c ./Core/Src/stm32f1xx_hal_timebase_tim.o
 .debug_str     0x0008e4db    0x81ff8 ./Core/Src/stm32f1xx_it.o
 .debug_str     0x0008e4db    0x81b54 ./Core/Src/system_stm32f1xx.o
 .debug_str     0x0008e4db       0x7d ./Core/Startup/startup_stm32f103c8tx.o
 .debug_str     0x0008e4db    0x82287 ./Drivers/STM32F1xx_HAL_Driver/Src/stm32f1xx_hal.o
 .debug_str     0x0008e4db    0x821d3 ./Drivers/STM32F1xx_HAL_Driver/Src/stm32f1xx_hal_cortex.o
 .debug_str     0x0008e4db    0x81f83 ./Drivers/STM32F1xx_HAL_Driver/Src/stm32f1xx_hal_rcc.o
 .debug_str     0x0008e4db    0x82f85 ./Drivers/STM32F1xx_HAL_Driver/Src/stm32f1xx_hal_tim.o
 .debug_str     0x0008e4db    0x82791 ./Drivers/STM32F1xx_HAL_Driver/Src/stm32f1xx_hal_tim_ex.o
 .debug_str     0x0008e4db     0xe0f0 ./FreeRTOS/Source/tasks.o
 .debug_str     0x0008e4db     0x98b1 ./FreeRTOS/Source/portable/GCC/ARM_CM3/port.o

.comment        0x00000000       0x43
 .comment       0x00000000       0x43 ./Core/Src/main.o
                                 0x44 (size before relaxing)
 .comment       0x00000043       0x44 ./Core/Src/stm32f1xx_hal_msp.o
 .comment       0x00000043       0x44 ./Core/Src/stm32f1xx_hal_timebase_tim.o
 .comment       0x00000043       0x44 ./Core/Src/stm32f1xx_it.o
 .comment       0x00000043       0x44 ./Core/Src/system_stm32f1xx.o
 .comment       0x00000043       0x44 ./Drivers/STM32F1xx_HAL_Driver/Src/stm32f1xx_hal.o
 .comment       0x00000043       0x44 ./Drivers/STM32F1xx_HAL_Driver/Src/stm32f1xx_hal_cortex.o
 .comment       0x00000043       0x44 ./Drivers/STM32F1xx_HAL_Driver/Src/stm32f1xx_hal_rcc.o
 .comment       0x00000043       0x44 ./Drivers/STM32F1xx_HAL_Driver/Src/stm32f1xx_hal_tim.o
 .comment       0x00000043       0x44 ./Drivers/STM32F1xx_HAL_Driver/Src/stm32f1xx_hal_tim_ex.o
 .comment       0x00000043       0x44 ./FreeRTOS/Source/tasks.o
 .comment       0x00000043       0x44 ./FreeRTOS/Source/portable/GCC/ARM_CM3/port.o

.debug_frame    0x00000000     0x2d64
 .debug_frame   0x00000000       0xb4 ./Core/Src/main.o
 .debug_frame   0x000000b4       0x38 ./Core/Src/stm32f1xx_hal_msp.o
 .debug_frame   0x000000ec       0x74 ./Core/Src/stm32f1xx_hal_timebase_tim.o
 .debug_frame   0x00000160       0xc4 ./Core/Src/stm32f1xx_it.o
 .debug_frame   0x00000224       0x58 ./Core/Src/system_stm32f1xx.o
 .debug_frame   0x0000027c      0x334 ./Drivers/STM32F1xx_HAL_Driver/Src/stm32f1xx_hal.o
 .debug_frame   0x000005b0      0x428 ./Drivers/STM32F1xx_HAL_Driver/Src/stm32f1xx_hal_cortex.o
 .debug_frame   0x000009d8      0x218 ./Drivers/STM32F1xx_HAL_Driver/Src/stm32f1xx_hal_rcc.o
 .debug_frame   0x00000bf0     0x11b8 ./Drivers/STM32F1xx_HAL_Driver/Src/stm32f1xx_hal_tim.o
 .debug_frame   0x00001da8      0x638 ./Drivers/STM32F1xx_HAL_Driver/Src/stm32f1xx_hal_tim_ex.o
 .debug_frame   0x000023e0      0x7a0 ./FreeRTOS/Source/tasks.o
 .debug_frame   0x00002b80      0x198 ./FreeRTOS/Source/portable/GCC/ARM_CM3/port.o
 .debug_frame   0x00002d18       0x20 D:/Program Files/STM32CubeIDE_1.19.0/STM32CubeIDE/plugins/com.st.stm32cube.ide.mcu.externaltools.gnu-tools-for-stm32.13.3.rel1.win32_1.0.0.202411081344/tools/bin/../lib/gcc/arm-none-eabi/13.3.1/../../../../arm-none-eabi/lib/thumb/v7-m/nofp\libc_nano.a(libc_a-memset.o)
 .debug_frame   0x00002d38       0x2c D:/Program Files/STM32CubeIDE_1.19.0/STM32CubeIDE/plugins/com.st.stm32cube.ide.mcu.externaltools.gnu-tools-for-stm32.13.3.rel1.win32_1.0.0.202411081344/tools/bin/../lib/gcc/arm-none-eabi/13.3.1/../../../../arm-none-eabi/lib/thumb/v7-m/nofp\libc_nano.a(libc_a-init.o)

.debug_line_str
                0x00000000       0x61
 .debug_line_str
                0x00000000       0x61 ./Core/Startup/startup_stm32f103c8tx.o
